D:\Sojourn\ember\server\soul\ConversationManager.js:865
    ontologicalSelf: ontologicalSelfContext,
                   ^

SyntaxError: Unexpected token ':'
    at wrapSafe (node:internal/modules/cjs/loader:1713:18)
    at Module._compile (node:internal/modules/cjs/loader:1755:20)
    at Object..js (node:internal/modules/cjs/loader:1913:10)
    at Module.load (node:internal/modules/cjs/loader:1505:32)
    at Function._load (node:internal/modules/cjs/loader:1309:12)
    at wrapModuleLoad (node:internal/modules/cjs/loader:254:19)
    at Module.require (node:internal/modules/cjs/loader:1527:12)
    at require (node:internal/modules/helpers:147:16)
    at Object.<anonymous> (D:\Sojourn\ember\server\index.js:52:33)
    at Module._compile (node:internal/modules/cjs/loader:1781:14)

Node.js v22.23.2
D:\Sojourn\ember\server\soul\ConversationManager.js:865
    ontologicalSelf: ontologicalSelfContext,
                   ^

SyntaxError: Unexpected token ':'
    at wrapSafe (node:internal/modules/cjs/loader:1713:18)
    at Module._compile (node:internal/modules/cjs/loader:1755:20)
    at Object..js (node:internal/modules/cjs/loader:1913:10)
    at Module.load (node:internal/modules/cjs/loader:1505:32)
    at Function._load (node:internal/modules/cjs/loader:1309:12)
    at wrapModuleLoad (node:internal/modules/cjs/loader:254:19)
    at Module.require (node:internal/modules/cjs/loader:1527:12)
    at require (node:internal/modules/helpers:147:16)
    at Object.<anonymous> (D:\Sojourn\ember\server\index.js:52:33)
    at Module._compile (node:internal/modules/cjs/loader:1781:14)

Node.js v22.23.2
D:\Sojourn\ember\server\soul\ConversationManager.js:865
    ontologicalSelf: ontologicalSelfContext,
                   ^

SyntaxError: Unexpected token ':'
    at wrapSafe (node:internal/modules/cjs/loader:1713:18)
    at Module._compile (node:internal/modules/cjs/loader:1755:20)
    at Object..js (node:internal/modules/cjs/loader:1913:10)
    at Module.load (node:internal/modules/cjs/loader:1505:32)
    at Function._load (node:internal/modules/cjs/loader:1309:12)
    at wrapModuleLoad (node:internal/modules/cjs/loader:254:19)
    at Module.require (node:internal/modules/cjs/loader:1527:12)
    at require (node:internal/modules/helpers:147:16)
    at Object.<anonymous> (D:\Sojourn\ember\server\index.js:52:33)
    at Module._compile (node:internal/modules/cjs/loader:1781:14)

Node.js v22.23.2
D:\Sojourn\ember\server\soul\ConversationManager.js:865
    ontologicalSelf: ontologicalSelfContext,
                   ^

SyntaxError: Unexpected token ':'
    at wrapSafe (node:internal/modules/cjs/loader:1713:18)
    at Module._compile (node:internal/modules/cjs/loader:1755:20)
    at Object..js (node:internal/modules/cjs/loader:1913:10)
    at Module.load (node:internal/modules/cjs/loader:1505:32)
    at Function._load (node:internal/modules/cjs/loader:1309:12)
    at wrapModuleLoad (node:internal/modules/cjs/loader:254:19)
    at Module.require (node:internal/modules/cjs/loader:1527:12)
    at require (node:internal/modules/helpers:147:16)
    at Object.<anonymous> (D:\Sojourn\ember\server\index.js:52:33)
    at Module._compile (node:internal/modules/cjs/loader:1781:14)

Node.js v22.23.2
D:\Sojourn\ember\server\soul\ConversationManager.js:865
    ontologicalSelf: ontologicalSelfContext,
                   ^

SyntaxError: Unexpected token ':'
    at wrapSafe (node:internal/modules/cjs/loader:1713:18)
    at Module._compile (node:internal/modules/cjs/loader:1755:20)
    at Object..js (node:internal/modules/cjs/loader:1913:10)
    at Module.load (node:internal/modules/cjs/loader:1505:32)
    at Function._load (node:internal/modules/cjs/loader:1309:12)
    at wrapModuleLoad (node:internal/modules/cjs/loader:254:19)
    at Module.require (node:internal/modules/cjs/loader:1527:12)
    at require (node:internal/modules/helpers:147:16)
    at Object.<anonymous> (D:\Sojourn\ember\server\index.js:52:33)
    at Module._compile (node:internal/modules/cjs/loader:1781:14)

Node.js v22.23.2
D:\Sojourn\ember\server\soul\ConversationManager.js:865
    ontologicalSelf: ontologicalSelfContext,
                   ^

SyntaxError: Unexpected token ':'
    at wrapSafe (node:internal/modules/cjs/loader:1713:18)
    at Module._compile (node:internal/modules/cjs/loader:1755:20)
    at Object..js (node:internal/modules/cjs/loader:1913:10)
    at Module.load (node:internal/modules/cjs/loader:1505:32)
    at Function._load (node:internal/modules/cjs/loader:1309:12)
    at wrapModuleLoad (node:internal/modules/cjs/loader:254:19)
    at Module.require (node:internal/modules/cjs/loader:1527:12)
    at require (node:internal/modules/helpers:147:16)
    at Object.<anonymous> (D:\Sojourn\ember\server\index.js:52:33)
    at Module._compile (node:internal/modules/cjs/loader:1781:14)

Node.js v22.23.2
D:\Sojourn\ember\server\soul\ConversationManager.js:865
    ontologicalSelf: ontologicalSelfContext,
                   ^

SyntaxError: Unexpected token ':'
    at wrapSafe (node:internal/modules/cjs/loader:1713:18)
    at Module._compile (node:internal/modules/cjs/loader:1755:20)
    at Object..js (node:internal/modules/cjs/loader:1913:10)
    at Module.load (node:internal/modules/cjs/loader:1505:32)
    at Function._load (node:internal/modules/cjs/loader:1309:12)
    at wrapModuleLoad (node:internal/modules/cjs/loader:254:19)
    at Module.require (node:internal/modules/cjs/loader:1527:12)
    at require (node:internal/modules/helpers:147:16)
    at Object.<anonymous> (D:\Sojourn\ember\server\index.js:52:33)
    at Module._compile (node:internal/modules/cjs/loader:1781:14)

Node.js v22.23.2
D:\Sojourn\ember\server\soul\ConversationManager.js:865
    ontologicalSelf: ontologicalSelfContext,
                   ^

SyntaxError: Unexpected token ':'
    at wrapSafe (node:internal/modules/cjs/loader:1713:18)
    at Module._compile (node:internal/modules/cjs/loader:1755:20)
    at Object..js (node:internal/modules/cjs/loader:1913:10)
    at Module.load (node:internal/modules/cjs/loader:1505:32)
    at Function._load (node:internal/modules/cjs/loader:1309:12)
    at wrapModuleLoad (node:internal/modules/cjs/loader:254:19)
    at Module.require (node:internal/modules/cjs/loader:1527:12)
    at require (node:internal/modules/helpers:147:16)
    at Object.<anonymous> (D:\Sojourn\ember\server\index.js:52:33)
    at Module._compile (node:internal/modules/cjs/loader:1781:14)

Node.js v22.23.2
D:\Sojourn\ember\server\soul\ConversationManager.js:865
    ontologicalSelf: ontologicalSelfContext,
                   ^

SyntaxError: Unexpected token ':'
    at wrapSafe (node:internal/modules/cjs/loader:1713:18)
    at Module._compile (node:internal/modules/cjs/loader:1755:20)
    at Object..js (node:internal/modules/cjs/loader:1913:10)
    at Module.load (node:internal/modules/cjs/loader:1505:32)
    at Function._load (node:internal/modules/cjs/loader:1309:12)
    at wrapModuleLoad (node:internal/modules/cjs/loader:254:19)
    at Module.require (node:internal/modules/cjs/loader:1527:12)
    at require (node:internal/modules/helpers:147:16)
    at Object.<anonymous> (D:\Sojourn\ember\server\index.js:52:33)
    at Module._compile (node:internal/modules/cjs/loader:1781:14)

Node.js v22.23.2
D:\Sojourn\ember\server\soul\ConversationManager.js:865
    ontologicalSelf: ontologicalSelfContext,
                   ^

SyntaxError: Unexpected token ':'
    at wrapSafe (node:internal/modules/cjs/loader:1713:18)
    at Module._compile (node:internal/modules/cjs/loader:1755:20)
    at Object..js (node:internal/modules/cjs/loader:1913:10)
    at Module.load (node:internal/modules/cjs/loader:1505:32)
    at Function._load (node:internal/modules/cjs/loader:1309:12)
    at wrapModuleLoad (node:internal/modules/cjs/loader:254:19)
    at Module.require (node:internal/modules/cjs/loader:1527:12)
    at require (node:internal/modules/helpers:147:16)
    at Object.<anonymous> (D:\Sojourn\ember\server\index.js:52:33)
    at Module._compile (node:internal/modules/cjs/loader:1781:14)

Node.js v22.23.2
D:\Sojourn\ember\server\soul\ConversationManager.js:414
        replyText = `${confidenceResult.suggestedPrefix}${replyText}`;
                     ^

SyntaxError: Unexpected identifier '$'
    at wrapSafe (node:internal/modules/cjs/loader:1713:18)
    at Module._compile (node:internal/modules/cjs/loader:1755:20)
    at Object..js (node:internal/modules/cjs/loader:1913:10)
    at Module.load (node:internal/modules/cjs/loader:1505:32)
    at Function._load (node:internal/modules/cjs/loader:1309:12)
    at wrapModuleLoad (node:internal/modules/cjs/loader:254:19)
    at Module.require (node:internal/modules/cjs/loader:1527:12)
    at require (node:internal/modules/helpers:147:16)
    at Object.<anonymous> (D:\Sojourn\ember\server\index.js:52:33)
    at Module._compile (node:internal/modules/cjs/loader:1781:14)

Node.js v22.23.2
D:\Sojourn\ember\server\soul\ConversationManager.js:414
        replyText = `${confidenceResult.suggestedPrefix}${replyText}`;
                     ^

SyntaxError: Unexpected identifier '$'
    at wrapSafe (node:internal/modules/cjs/loader:1713:18)
    at Module._compile (node:internal/modules/cjs/loader:1755:20)
    at Object..js (node:internal/modules/cjs/loader:1913:10)
    at Module.load (node:internal/modules/cjs/loader:1505:32)
    at Function._load (node:internal/modules/cjs/loader:1309:12)
    at wrapModuleLoad (node:internal/modules/cjs/loader:254:19)
    at Module.require (node:internal/modules/cjs/loader:1527:12)
    at require (node:internal/modules/helpers:147:16)
    at Object.<anonymous> (D:\Sojourn\ember\server\index.js:52:33)
    at Module._compile (node:internal/modules/cjs/loader:1781:14)

Node.js v22.23.2
D:\Sojourn\ember\server\soul\ConversationManager.js:414
        replyText = `${confidenceResult.suggestedPrefix}${replyText}`;
                     ^

SyntaxError: Unexpected identifier '$'
    at wrapSafe (node:internal/modules/cjs/loader:1713:18)
    at Module._compile (node:internal/modules/cjs/loader:1755:20)
    at Object..js (node:internal/modules/cjs/loader:1913:10)
    at Module.load (node:internal/modules/cjs/loader:1505:32)
    at Function._load (node:internal/modules/cjs/loader:1309:12)
    at wrapModuleLoad (node:internal/modules/cjs/loader:254:19)
    at Module.require (node:internal/modules/cjs/loader:1527:12)
    at require (node:internal/modules/helpers:147:16)
    at Object.<anonymous> (D:\Sojourn\ember\server\index.js:52:33)
    at Module._compile (node:internal/modules/cjs/loader:1781:14)

Node.js v22.23.2
D:\Sojourn\ember\server\soul\ConversationManager.js:414
        replyText = `${confidenceResult.suggestedPrefix}${replyText}`;
                     ^

SyntaxError: Unexpected identifier '$'
    at wrapSafe (node:internal/modules/cjs/loader:1713:18)
    at Module._compile (node:internal/modules/cjs/loader:1755:20)
    at Object..js (node:internal/modules/cjs/loader:1913:10)
    at Module.load (node:internal/modules/cjs/loader:1505:32)
    at Function._load (node:internal/modules/cjs/loader:1309:12)
    at wrapModuleLoad (node:internal/modules/cjs/loader:254:19)
    at Module.require (node:internal/modules/cjs/loader:1527:12)
    at require (node:internal/modules/helpers:147:16)
    at Object.<anonymous> (D:\Sojourn\ember\server\index.js:52:33)
    at Module._compile (node:internal/modules/cjs/loader:1781:14)

Node.js v22.23.2
D:\Sojourn\ember\server\soul\ConversationManager.js:414
        replyText = `${confidenceResult.suggestedPrefix}${replyText}`;
                     ^

SyntaxError: Unexpected identifier '$'
    at wrapSafe (node:internal/modules/cjs/loader:1713:18)
    at Module._compile (node:internal/modules/cjs/loader:1755:20)
    at Object..js (node:internal/modules/cjs/loader:1913:10)
    at Module.load (node:internal/modules/cjs/loader:1505:32)
    at Function._load (node:internal/modules/cjs/loader:1309:12)
    at wrapModuleLoad (node:internal/modules/cjs/loader:254:19)
    at Module.require (node:internal/modules/cjs/loader:1527:12)
    at require (node:internal/modules/helpers:147:16)
    at Object.<anonymous> (D:\Sojourn\ember\server\index.js:52:33)
    at Module._compile (node:internal/modules/cjs/loader:1781:14)

Node.js v22.23.2
